// Jest Snapshot v1, https://goo.gl/fbAQLP

exports[`Board Entry renders correctly 1`] = `
<tr
  className="MuiTableRow-root"
  role={null}
>
  <td
    aria-sort={null}
    className="MuiTableCell-root MuiTableCell-alignLeft"
  >
    MTBA
  </td>
  <td
    aria-sort={null}
    className="MuiTableCell-root MuiTableCell-alignRight"
  >
    1:53 AM
  </td>
  <td
    aria-sort={null}
    className="MuiTableCell-root MuiTableCell-alignRight"
  >
    
  </td>
  <td
    aria-sort={null}
    className="MuiTableCell-root MuiTableCell-alignRight"
  >
    10042
  </td>
  <td
    aria-sort={null}
    className="MuiTableCell-root MuiTableCell-alignRight"
  >
    TBD
  </td>
  <td
    aria-sort={null}
    className="MuiTableCell-root MuiTableCell-alignRight"
  />
</tr>
`;
